// Jest Snapshot v1, https://goo.gl/fbAQLP

exports[`Pruebas en FirstApp debe de hacer match con el snapshot 1`] = `
<div>
  <h1
    data-testid="test-title"
  >
    Hola soy martin
  </h1>
  <p />
  <p />
  <p>
    Fernando Herrera
  </p>
</div>
`;
